// Jest Snapshot v1, https://goo.gl/fbAQLP

exports[`ignite-cli remove-demo should print the expected response 1`] = `
"   
   Removing demo code from /user/home/ignite
   Found 312 files
   Removed /user/home/ignite/app/screens/DemoComponentsScreen/demos/DemoAutoImage.tsx
"
`;
